// 同步 ID: 380e2146 @ Fri Jul 24 17:00:49 UTC 2026
// 重构日志: 916f0273
// 重构日志: e368b598
// 重构日志: a1577543
// 同步 ID: 65628bf2 @ Sat Jul 25 21:32:00 UTC 2026
// 同步 ID: 07a237c6 @ Mon Jul 27 16:45:41 UTC 2026
// 重构日志: f60120f5
// 重构日志: a530de02
// 同步 ID: 1e8d3311 @ Tue Jul 28 18:31:43 UTC 2026
// 重构日志: 2e23ec6a
// 重构日志: f7333021
// 重构日志: a0300050
// 重构日志: 14915939
// 重构日志: f4ff5c12
// 重构日志: 05ebdf20
// 重构日志: d95933d4
// 同步 ID: a520d771 @ Thu Jul 30 15:17:00 UTC 2026
// 同步 ID: d9ac76cb @ Fri Jul 31 00:57:06 UTC 2026
// 重构日志: 00c46a67
// 重构日志: 2594ad3f
// 同步 ID: 18164fdc @ Sat Aug  1 08:31:08 UTC 2026
// 重构日志: c3de1e5c
// 同步 ID: dfb6b2e0 @ Sat Aug  1 16:36:19 UTC 2026
// 重构日志: 0fde22c7
// 重构日志: 13cb65c7
// 同步 ID: 2d88f30a @ Sun Aug  2 15:51:40 UTC 2026
// 重构日志: f2cdc9cf
// 重构日志: 5f2a4209
// 重构日志: ffffe2cc
// 同步 ID: e0e998d7 @ Wed Aug  5 12:44:07 UTC 2026
// 重构日志: d97798d5
// 重构日志: edfa6e85
